// Jest Snapshot v1, https://goo.gl/fbAQLP

exports[`Layout renders properly 1`] = `
<div
  className="container mt-5"
>
  <div>
    <h1>
      Login
    </h1>
  </div>
  <div
    className="card mt-5 mb-5"
  >
    <div
      className="card-header"
    >
      Fake Store
    </div>
    <div
      className="card-body"
    >
      <form>
        <div
          className="form-group"
        >
          <div
            className="row"
          >
            <div
              className="col-12 col-lg-6"
            >
              <label
                htmlFor="username"
              >
                Username:
              </label>
              <input
                className="form-control mt-2"
                id="username_login"
                name="username"
                onChange={[Function]}
                placeholder="Username"
                type="text"
                value=""
              />
              <p
                className="text-danger"
                placeholder="err_name"
              />
            </div>
            <div
              className="col-12 col-lg-6"
            >
              <label
                htmlFor="password"
              >
                Password:
              </label>
              <input
                className="form-control mt-2"
                id="password_login"
                name="password"
                onChange={[Function]}
                placeholder="Enter password"
                type="password"
                value=""
              />
              <p
                className="text-danger"
                placeholder="err_word"
              />
            </div>
          </div>
          <div
            className="clearfix"
          >
            <button
              className="btn btn-success mt-3"
              onClick={[Function]}
              type="submit"
            >
              Login
            </button>
          </div>
        </div>
      </form>
    </div>
  </div>
</div>
`;
